// Jest Snapshot v1, https://goo.gl/fbAQLP

exports[`RootLayout should match snapshot 1`] = `
<View
  testID="slot"
/>
`;
